// Jest Snapshot v1, https://goo.gl/fbAQLP

exports[`Square component Matches th snapshot 1`] = `
<div
  className="square"
  onClick={[Function]}
/>
`;
